// Jest Snapshot v1, https://goo.gl/fbAQLP

exports[`TabHeader props should render with prop backgroundActive 1`] = `
<ul
  class="relative w-full flex items-center justify-center font-hairline h-8"
  role="tablist"
>
  <span
    class="block absolute pointer-events-none top-8 left-0 right-0 h-4 z-30"
  />
  
  &lt;span&gt;Inner Tab Header&lt;/span&gt;
  
</ul>
`;

exports[`TabHeader props should render without props 1`] = `
<ul
  class="relative w-full flex items-center justify-center font-hairline h-8"
  role="tablist"
>
  <span
    class="block absolute pointer-events-none top-8 left-0 right-0 h-4 z-30"
  />
  
  &lt;span&gt;Inner Tab Header&lt;/span&gt;
  
</ul>
`;
